Using pre-set license
Built from '2022.3/respin/2022.3.62f2-4af31df585-v2' branch; Version is '2022.3.62f3 (96770f904ca7) revision 9860879'; Using compiler version '192829333'; Build Type 'Release'
OS: 'Windows 11  (10.0.26200) 64bit Core' Language: 'en' Physical Memory: 65405 MB
BatchMode: 1, IsHumanControllingUs: 0, StartBugReporterOnCrash: 0, Is64bit: 1, IsPro: 1

COMMAND LINE ARGUMENTS:
C:\Program Files\Unity\Hub\Editor\2022.3.62f3\Editor\Unity.exe
-adb2
-batchMode
-noUpm
-name
AssetImportWorker2
-projectPath
D:/ResearchProject/ResearchProject
-logFile
Logs/AssetImportWorker2.log
-srvPort
65522
Successfully changed project path to: D:/ResearchProject/ResearchProject
D:/ResearchProject/ResearchProject
[UnityMemory] Configuration Parameters - Can be set up in boot.config
    "memorysetup-bucket-allocator-granularity=16"
    "memorysetup-bucket-allocator-bucket-count=8"
    "memorysetup-bucket-allocator-block-size=33554432"
    "memorysetup-bucket-allocator-block-count=8"
    "memorysetup-main-allocator-block-size=16777216"
    "memorysetup-thread-allocator-block-size=16777216"
    "memorysetup-gfx-main-allocator-block-size=16777216"
    "memorysetup-gfx-thread-allocator-block-size=16777216"
    "memorysetup-cache-allocator-block-size=4194304"
    "memorysetup-typetree-allocator-block-size=2097152"
    "memorysetup-profiler-bucket-allocator-granularity=16"
    "memorysetup-profiler-bucket-allocator-bucket-count=8"
    "memorysetup-profiler-bucket-allocator-block-size=33554432"
    "memorysetup-profiler-bucket-allocator-block-count=8"
    "memorysetup-profiler-allocator-block-size=16777216"
    "memorysetup-profiler-editor-allocator-block-size=1048576"
    "memorysetup-temp-allocator-size-main=16777216"
    "memorysetup-job-temp-allocator-block-size=2097152"
    "memorysetup-job-temp-allocator-block-size-background=1048576"
    "memorysetup-job-temp-allocator-reduction-small-platforms=262144"
    "memorysetup-allocator-temp-initial-block-size-main=262144"
    "memorysetup-allocator-temp-initial-block-size-worker=262144"
    "memorysetup-temp-allocator-size-background-worker=32768"
    "memorysetup-temp-allocator-size-job-worker=262144"
    "memorysetup-temp-allocator-size-preload-manager=33554432"
    "memorysetup-temp-allocator-size-nav-mesh-worker=65536"
    "memorysetup-temp-allocator-size-audio-worker=65536"
    "memorysetup-temp-allocator-size-cloud-worker=32768"
    "memorysetup-temp-allocator-size-gi-baking-worker=262144"
    "memorysetup-temp-allocator-size-gfx=262144"
Player connection [23008]  Target information:

Player connection [23008]  * "[IP] 192.168.0.133 [Port] 0 [Flags] 2 [Guid] 85666776 [EditorId] 85666776 [Version] 1048832 [Id] WindowsEditor(7,BerrensBigComputer) [Debug] 1 [PackageName] WindowsEditor [ProjectName] Editor" 

Player connection [23008] Host joined multi-casting on [225.0.0.222:54997]...
Player connection [23008] Host joined alternative multi-casting on [225.0.0.222:34997]...
Input System module state changed to: Initialized.
[PhysX] Initialized MultithreadedTaskDispatcher with 16 workers.
Refreshing native plugins compatible for Editor in 8.33 ms, found 4 plugins.
Preloading 0 native plugins for Editor in 0.00 ms.
Initialize engine version: 2022.3.62f3 (96770f904ca7)
[Subsystems] Discovering subsystems at path C:/Program Files/Unity/Hub/Editor/2022.3.62f3/Editor/Data/Resources/UnitySubsystems
[Subsystems] Discovering subsystems at path D:/ResearchProject/ResearchProject/Assets
GfxDevice: creating device client; threaded=0; jobified=0
Direct3D:
    Version:  Direct3D 11.0 [level 11.1]
    Renderer: NVIDIA GeForce RTX 3070 Ti (ID=0x2482)
    Vendor:   NVIDIA
    VRAM:     8017 MB
    Driver:   32.0.16.1062
Initialize mono
Mono path[0] = 'C:/Program Files/Unity/Hub/Editor/2022.3.62f3/Editor/Data/Managed'
Mono path[1] = 'C:/Program Files/Unity/Hub/Editor/2022.3.62f3/Editor/Data/MonoBleedingEdge/lib/mono/unityjit-win32'
Mono config path = 'C:/Program Files/Unity/Hub/Editor/2022.3.62f3/Editor/Data/MonoBleedingEdge/etc'
Using monoOptions --debugger-agent=transport=dt_socket,embedding=1,server=y,suspend=n,address=127.0.0.1:56096
Begin MonoManager ReloadAssembly
Registering precompiled unity dll's ...
Register platform support module: C:/Program Files/Unity/Hub/Editor/2022.3.62f3/Editor/Data/PlaybackEngines/WebGLSupport/UnityEditor.WebGL.Extensions.dll
Register platform support module: C:/Program Files/Unity/Hub/Editor/2022.3.62f3/Editor/Data/PlaybackEngines/AndroidPlayer/UnityEditor.Android.Extensions.dll
Register platform support module: C:/Program Files/Unity/Hub/Editor/2022.3.62f3/Editor/Data/PlaybackEngines/WindowsStandaloneSupport/UnityEditor.WindowsStandalone.Extensions.dll
Registered in 0.009143 seconds.
- Loaded All Assemblies, in  0.269 seconds
Native extension for WindowsStandalone target not found
Native extension for Android target not found
Android Extension - Scanning For ADB Devices 188 ms
Native extension for WebGL target not found
Mono: successfully reloaded assembly
- Finished resetting the current domain, in  0.424 seconds
Domain Reload Profiling: 691ms
	BeginReloadAssembly (77ms)
		ExecutionOrderSort (0ms)
		DisableScriptedObjects (0ms)
		BackupInstance (0ms)
		ReleaseScriptingObjects (0ms)
		CreateAndSetChildDomain (1ms)
	RebuildCommonClasses (25ms)
	RebuildNativeTypeToScriptingClass (8ms)
	initialDomainReloadingComplete (47ms)
	LoadAllAssembliesAndSetupDomain (110ms)
		LoadAssemblies (76ms)
		RebuildTransferFunctionScriptingTraits (0ms)
		AnalyzeDomain (108ms)
			TypeCache.Refresh (107ms)
				TypeCache.ScanAssembly (97ms)
			ScanForSourceGeneratedMonoScriptInfo (0ms)
			ResolveRequiredComponents (0ms)
	FinalizeReload (424ms)
		ReleaseScriptCaches (0ms)
		RebuildScriptCaches (0ms)
		SetupLoadedEditorAssemblies (390ms)
			LogAssemblyErrors (0ms)
			InitializePlatformSupportModulesInManaged (261ms)
			SetLoadedEditorAssemblies (3ms)
			RefreshPlugins (0ms)
			BeforeProcessingInitializeOnLoad (1ms)
			ProcessInitializeOnLoadAttributes (89ms)
			ProcessInitializeOnLoadMethodAttributes (35ms)
			AfterProcessingInitializeOnLoad (0ms)
			EditorAssembliesLoaded (0ms)
		ExecutionOrderSort2 (0ms)
		AwakeInstancesAfterBackupRestoration (0ms)
========================================================================
Worker process is ready to serve import requests
Caller must complete domain reload
Begin MonoManager ReloadAssembly
- Loaded All Assemblies, in  0.463 seconds
Native extension for WindowsStandalone target not found
Native extension for Android target not found
Native extension for WebGL target not found
Mono: successfully reloaded assembly
- Finished resetting the current domain, in  0.432 seconds
Domain Reload Profiling: 893ms
	BeginReloadAssembly (106ms)
		ExecutionOrderSort (0ms)
		DisableScriptedObjects (5ms)
		BackupInstance (0ms)
		ReleaseScriptingObjects (0ms)
		CreateAndSetChildDomain (14ms)
	RebuildCommonClasses (25ms)
	RebuildNativeTypeToScriptingClass (8ms)
	initialDomainReloadingComplete (33ms)
	LoadAllAssembliesAndSetupDomain (289ms)
		LoadAssemblies (211ms)
		RebuildTransferFunctionScriptingTraits (0ms)
		AnalyzeDomain (140ms)
			TypeCache.Refresh (124ms)
				TypeCache.ScanAssembly (113ms)
			ScanForSourceGeneratedMonoScriptInfo (11ms)
			ResolveRequiredComponents (4ms)
	FinalizeReload (433ms)
		ReleaseScriptCaches (0ms)
		RebuildScriptCaches (0ms)
		SetupLoadedEditorAssemblies (313ms)
			LogAssemblyErrors (0ms)
			InitializePlatformSupportModulesInManaged (15ms)
			SetLoadedEditorAssemblies (3ms)
			RefreshPlugins (0ms)
			BeforeProcessingInitializeOnLoad (46ms)
			ProcessInitializeOnLoadAttributes (226ms)
			ProcessInitializeOnLoadMethodAttributes (15ms)
			AfterProcessingInitializeOnLoad (7ms)
			EditorAssembliesLoaded (0ms)
		ExecutionOrderSort2 (0ms)
		AwakeInstancesAfterBackupRestoration (5ms)
Launched and connected shader compiler UnityShaderCompiler.exe after 0.03 seconds
Refreshing native plugins compatible for Editor in 3.25 ms, found 4 plugins.
Preloading 0 native plugins for Editor in 0.00 ms.
Unloading 3593 Unused Serialized files (Serialized files now loaded: 0)
Unloading 22 unused Assets / (56.1 KB). Loaded Objects now: 4061.
Memory consumption went from 134.7 MB to 134.6 MB.
Total: 2.144100 ms (FindLiveObjects: 0.201100 ms CreateObjectMapping: 0.102400 ms MarkObjects: 1.765800 ms  DeleteObjects: 0.074000 ms)

AssetImportParameters requested are different than current active one (requested -> active):
  custom:container-demuxer-ogg: 62fdf1f143b41e24485cea50d1cbac27 -> 
  custom:video-decoder-ogg-theora: a1e56fd34408186e4bbccfd4996cb3dc -> 
  custom:framework-win-MediaFoundation: 216162199b28c13a410421893ffa2e32 -> 
  custom:CustomObjectIndexerAttribute: 9a22284fe3817be447336de3de66b15e -> 
  custom:container-demuxer-webm: 4f35f7cbe854078d1ac9338744f61a02 -> 
  custom:container-muxer-webm: aa71ff27fc2769a1b78a27578f13a17b -> 
  custom:video-decoder-webm-vp8: 9c59270c3fd7afecdb556c50c9e8de78 -> 
  custom:SearchIndexIgnoredProperties: e643bd26f0fe6173181afceb89e7c659 -> 
  custom:AudioImporter_EditorPlatform: d09bf68614088b80899f8185d706f6e7 -> 
  custom:video-encoder-webm-vp8: eb34c28f22e8b96e1ab97ce403110664 -> 
  custom:audio-decoder-ogg-vorbis: bf7c407c2cedff20999df2af8eb42d56 -> 
  custom:audio-encoder-webm-vorbis: bf7c407c2cedff20999df2af8eb42d56 -> 
========================================================================
Received Import Request.
  Time since last request: 6945.399083 seconds.
  path: Assets/UI Elements/NPC's/Grey/LOTLGrey.png
  artifactKey: Guid(c92f9bb3ec7f5e64c81c9e8865db9d1a) Importer(815301076,1909f56bfc062723c751e8b465ee728b)
Start importing Assets/UI Elements/NPC's/Grey/LOTLGrey.png using Guid(c92f9bb3ec7f5e64c81c9e8865db9d1a) Importer(815301076,1909f56bfc062723c751e8b465ee728b) [PhysX] Initialized MultithreadedTaskDispatcher with 16 workers.
[PhysX] Initialized MultithreadedTaskDispatcher with 16 workers.
 -> (artifact id: 'a3dd97a783026a75a4961f5246ed9a3a') in 0.334722 seconds
Number of updated asset objects reloaded before import = 0
Number of asset objects unloaded after import = 3
========================================================================
Received Import Request.
  Time since last request: 181.256961 seconds.
  path: Assets/UI Elements/NPC's/Grey/FoxGrey 1.png
  artifactKey: Guid(4b72cd9b7bea9cd4a8c597b2ff925a81) Importer(815301076,1909f56bfc062723c751e8b465ee728b)
Start importing Assets/UI Elements/NPC's/Grey/FoxGrey 1.png using Guid(4b72cd9b7bea9cd4a8c597b2ff925a81) Importer(815301076,1909f56bfc062723c751e8b465ee728b) [PhysX] Initialized MultithreadedTaskDispatcher with 16 workers.
[PhysX] Initialized MultithreadedTaskDispatcher with 16 workers.
 -> (artifact id: '3967faefb6c9df9553ff3d6942854f8f') in 0.583106 seconds
Number of updated asset objects reloaded before import = 0
Number of asset objects unloaded after import = 2
========================================================================
Received Import Request.
  Time since last request: 0.001510 seconds.
  path: Assets/UI Elements/NPC's/Grey/TortoiseGrey 1.png
  artifactKey: Guid(cd667c87e895cec41946523c76a7e82f) Importer(815301076,1909f56bfc062723c751e8b465ee728b)
Start importing Assets/UI Elements/NPC's/Grey/TortoiseGrey 1.png using Guid(cd667c87e895cec41946523c76a7e82f) Importer(815301076,1909f56bfc062723c751e8b465ee728b) [PhysX] Initialized MultithreadedTaskDispatcher with 16 workers.
[PhysX] Initialized MultithreadedTaskDispatcher with 16 workers.
 -> (artifact id: 'ffa389c6af111bb84bd8606a805c9689') in 0.026423 seconds
Number of updated asset objects reloaded before import = 0
Number of asset objects unloaded after import = 2
========================================================================
Received Import Request.
  Time since last request: 10.614213 seconds.
  path: Assets/UI Elements/NPC's/Grey/FoxGrey.png
  artifactKey: Guid(9bc5cf6097db6f54da5d92cc7cbe5a08) Importer(815301076,1909f56bfc062723c751e8b465ee728b)
Start importing Assets/UI Elements/NPC's/Grey/FoxGrey.png using Guid(9bc5cf6097db6f54da5d92cc7cbe5a08) Importer(815301076,1909f56bfc062723c751e8b465ee728b) [PhysX] Initialized MultithreadedTaskDispatcher with 16 workers.
[PhysX] Initialized MultithreadedTaskDispatcher with 16 workers.
 -> (artifact id: 'ea8a1cbd0444911271a4409eefbb2935') in 0.079536 seconds
Number of updated asset objects reloaded before import = 0
Number of asset objects unloaded after import = 2
========================================================================
Received Import Request.
  Time since last request: 0.000020 seconds.
  path: Assets/UI Elements/NPC's/Grey/TortoiseGrey.png
  artifactKey: Guid(a8395310cecc014469394e8d4e6bd674) Importer(815301076,1909f56bfc062723c751e8b465ee728b)
Start importing Assets/UI Elements/NPC's/Grey/TortoiseGrey.png using Guid(a8395310cecc014469394e8d4e6bd674) Importer(815301076,1909f56bfc062723c751e8b465ee728b) [PhysX] Initialized MultithreadedTaskDispatcher with 16 workers.
[PhysX] Initialized MultithreadedTaskDispatcher with 16 workers.
 -> (artifact id: '34aba376dacbfbbfb905d7725f7b6ebc') in 0.019280 seconds
Number of updated asset objects reloaded before import = 0
Number of asset objects unloaded after import = 2
========================================================================
Received Import Request.
  Time since last request: 7.100251 seconds.
  path: Assets/UI Elements/NPC's/Grey/LOTLGrey.png
  artifactKey: Guid(c92f9bb3ec7f5e64c81c9e8865db9d1a) Importer(815301076,1909f56bfc062723c751e8b465ee728b)
Start importing Assets/UI Elements/NPC's/Grey/LOTLGrey.png using Guid(c92f9bb3ec7f5e64c81c9e8865db9d1a) Importer(815301076,1909f56bfc062723c751e8b465ee728b) [PhysX] Initialized MultithreadedTaskDispatcher with 16 workers.
[PhysX] Initialized MultithreadedTaskDispatcher with 16 workers.
 -> (artifact id: '1dd78fd2767e6b1966268c8535eb2d81') in 0.053378 seconds
Number of updated asset objects reloaded before import = 0
Number of asset objects unloaded after import = 3
========================================================================
Received Import Request.
  Time since last request: 0.000072 seconds.
  path: Assets/UI Elements/NPC's/Grey/TortoiseGrey.png
  artifactKey: Guid(a8395310cecc014469394e8d4e6bd674) Importer(815301076,1909f56bfc062723c751e8b465ee728b)
Start importing Assets/UI Elements/NPC's/Grey/TortoiseGrey.png using Guid(a8395310cecc014469394e8d4e6bd674) Importer(815301076,1909f56bfc062723c751e8b465ee728b) [PhysX] Initialized MultithreadedTaskDispatcher with 16 workers.
[PhysX] Initialized MultithreadedTaskDispatcher with 16 workers.
 -> (artifact id: 'b166fd250f003d3367c8f3a89a62a143') in 0.066811 seconds
Number of updated asset objects reloaded before import = 0
Number of asset objects unloaded after import = 3
========================================================================
Received Import Request.
  Time since last request: 33.238312 seconds.
  path: Assets/Scenes/Chapter 1 Scenes/In Use/Ch1Dia2.unity
  artifactKey: Guid(f8643dc3c3615e844a1f3edaec015e53) Importer(815301076,1909f56bfc062723c751e8b465ee728b)
Start importing Assets/Scenes/Chapter 1 Scenes/In Use/Ch1Dia2.unity using Guid(f8643dc3c3615e844a1f3edaec015e53) Importer(815301076,1909f56bfc062723c751e8b465ee728b) [PhysX] Initialized MultithreadedTaskDispatcher with 16 workers.
 -> (artifact id: 'c548a82d5eaa7f7fd472b129dec4e4b0') in 0.000434 seconds
Number of updated asset objects reloaded before import = 0
Number of asset objects unloaded after import = 0
========================================================================
Received Import Request.
  Time since last request: 25.055100 seconds.
  path: Assets/Scenes/Chapter 1 Scenes/In Use/Ch1End.unity
  artifactKey: Guid(e42c8827b83ba0144a7ba65aee0cf563) Importer(815301076,1909f56bfc062723c751e8b465ee728b)
Start importing Assets/Scenes/Chapter 1 Scenes/In Use/Ch1End.unity using Guid(e42c8827b83ba0144a7ba65aee0cf563) Importer(815301076,1909f56bfc062723c751e8b465ee728b) [PhysX] Initialized MultithreadedTaskDispatcher with 16 workers.
 -> (artifact id: '2d9d42f10b5f498bfdf48225e26cbe8e') in 0.000405 seconds
Number of updated asset objects reloaded before import = 0
Number of asset objects unloaded after import = 0
========================================================================
Received Import Request.
  Time since last request: 5.685063 seconds.
  path: Assets/Scenes/Chapter 1 Scenes/In Use/Ch1Dia2.unity
  artifactKey: Guid(f8643dc3c3615e844a1f3edaec015e53) Importer(815301076,1909f56bfc062723c751e8b465ee728b)
Start importing Assets/Scenes/Chapter 1 Scenes/In Use/Ch1Dia2.unity using Guid(f8643dc3c3615e844a1f3edaec015e53) Importer(815301076,1909f56bfc062723c751e8b465ee728b) [PhysX] Initialized MultithreadedTaskDispatcher with 16 workers.
 -> (artifact id: '09dad32b9653be1baa58d9e31a988cc3') in 0.000404 seconds
Number of updated asset objects reloaded before import = 0
Number of asset objects unloaded after import = 0
========================================================================
Received Import Request.
  Time since last request: 2.919508 seconds.
  path: Assets/Scenes/Chapter 1 Scenes/In Use/Ch1Dia1.unity
  artifactKey: Guid(7975634e31bf6784885058e4de5524b6) Importer(815301076,1909f56bfc062723c751e8b465ee728b)
Start importing Assets/Scenes/Chapter 1 Scenes/In Use/Ch1Dia1.unity using Guid(7975634e31bf6784885058e4de5524b6) Importer(815301076,1909f56bfc062723c751e8b465ee728b) [PhysX] Initialized MultithreadedTaskDispatcher with 16 workers.
 -> (artifact id: 'b72a0b954ea911b0813ba8414305c528') in 0.000391 seconds
Number of updated asset objects reloaded before import = 0
Number of asset objects unloaded after import = 0
========================================================================
Received Import Request.
  Time since last request: 30.679666 seconds.
  path: Assets/Scenes/Chapter 2 Scenes/In Use/Ch2Dia1.unity
  artifactKey: Guid(ab07cfc77abf374468e3bf22576a135d) Importer(815301076,1909f56bfc062723c751e8b465ee728b)
Start importing Assets/Scenes/Chapter 2 Scenes/In Use/Ch2Dia1.unity using Guid(ab07cfc77abf374468e3bf22576a135d) Importer(815301076,1909f56bfc062723c751e8b465ee728b) [PhysX] Initialized MultithreadedTaskDispatcher with 16 workers.
 -> (artifact id: '05b687e06e1078782f621ab7f0195f30') in 0.000429 seconds
Number of updated asset objects reloaded before import = 0
Number of asset objects unloaded after import = 0
========================================================================
Received Import Request.
  Time since last request: 78.668003 seconds.
  path: Assets/UI Elements/UI Backgrounds/StartLineBW.png
  artifactKey: Guid(1ad4fa5cfa72ad24cb85f88926a3ddde) Importer(815301076,1909f56bfc062723c751e8b465ee728b)
Start importing Assets/UI Elements/UI Backgrounds/StartLineBW.png using Guid(1ad4fa5cfa72ad24cb85f88926a3ddde) Importer(815301076,1909f56bfc062723c751e8b465ee728b) [PhysX] Initialized MultithreadedTaskDispatcher with 16 workers.
[PhysX] Initialized MultithreadedTaskDispatcher with 16 workers.
 -> (artifact id: '0c7c8faebe8212c86849b1cd3fb332eb') in 0.024004 seconds
Number of updated asset objects reloaded before import = 0
Number of asset objects unloaded after import = 3
========================================================================
Received Import Request.
  Time since last request: 70.754741 seconds.
  path: Assets/Scenes/Chapter 2 Scenes/In Use/Ch2Dia1.unity
  artifactKey: Guid(ab07cfc77abf374468e3bf22576a135d) Importer(815301076,1909f56bfc062723c751e8b465ee728b)
Start importing Assets/Scenes/Chapter 2 Scenes/In Use/Ch2Dia1.unity using Guid(ab07cfc77abf374468e3bf22576a135d) Importer(815301076,1909f56bfc062723c751e8b465ee728b) [PhysX] Initialized MultithreadedTaskDispatcher with 16 workers.
 -> (artifact id: '7161d91ddeaff69ba2dd3d4e142e960b') in 0.000453 seconds
Number of updated asset objects reloaded before import = 0
Number of asset objects unloaded after import = 0
========================================================================
Received Import Request.
  Time since last request: 70.839040 seconds.
  path: Assets/Scenes/Chapter 2 Scenes/In Use/Ch2Dia2.unity
  artifactKey: Guid(b686e29c89633dd4aa51f121f606161a) Importer(815301076,1909f56bfc062723c751e8b465ee728b)
Start importing Assets/Scenes/Chapter 2 Scenes/In Use/Ch2Dia2.unity using Guid(b686e29c89633dd4aa51f121f606161a) Importer(815301076,1909f56bfc062723c751e8b465ee728b) [PhysX] Initialized MultithreadedTaskDispatcher with 16 workers.
 -> (artifact id: '3fdeeb76c9d0587626e2ac05947c297a') in 0.000376 seconds
Number of updated asset objects reloaded before import = 0
Number of asset objects unloaded after import = 0
========================================================================
Received Import Request.
  Time since last request: 57.019173 seconds.
  path: Assets/UI Elements/UI Backgrounds/MidTrackBW.png
  artifactKey: Guid(ce073ada0a711f342bce5a4b6e125e5c) Importer(815301076,1909f56bfc062723c751e8b465ee728b)
Start importing Assets/UI Elements/UI Backgrounds/MidTrackBW.png using Guid(ce073ada0a711f342bce5a4b6e125e5c) Importer(815301076,1909f56bfc062723c751e8b465ee728b) [PhysX] Initialized MultithreadedTaskDispatcher with 16 workers.
[PhysX] Initialized MultithreadedTaskDispatcher with 16 workers.
 -> (artifact id: '70bef4533ea0bed4c30131d90d2d5a08') in 0.029504 seconds
Number of updated asset objects reloaded before import = 0
Number of asset objects unloaded after import = 3
========================================================================
Received Import Request.
  Time since last request: 219.831646 seconds.
  path: Assets/Scenes/Chapter 2 Scenes/In Use/Ch2End.unity
  artifactKey: Guid(f6fa3161f804cc54090b1d42c3227db1) Importer(815301076,1909f56bfc062723c751e8b465ee728b)
Start importing Assets/Scenes/Chapter 2 Scenes/In Use/Ch2End.unity using Guid(f6fa3161f804cc54090b1d42c3227db1) Importer(815301076,1909f56bfc062723c751e8b465ee728b) [PhysX] Initialized MultithreadedTaskDispatcher with 16 workers.
 -> (artifact id: '0c8b61f3afbe19329b512696d03169ab') in 0.000748 seconds
Number of updated asset objects reloaded before import = 0
Number of asset objects unloaded after import = 0
========================================================================
Received Import Request.
  Time since last request: 45.462303 seconds.
  path: Assets/UI Elements/UI Backgrounds/FinishLineBW.png
  artifactKey: Guid(87cd1b3325376ae4aa5ea968e9334495) Importer(815301076,1909f56bfc062723c751e8b465ee728b)
Start importing Assets/UI Elements/UI Backgrounds/FinishLineBW.png using Guid(87cd1b3325376ae4aa5ea968e9334495) Importer(815301076,1909f56bfc062723c751e8b465ee728b) [PhysX] Initialized MultithreadedTaskDispatcher with 16 workers.
[PhysX] Initialized MultithreadedTaskDispatcher with 16 workers.
 -> (artifact id: '39beddbda34cae17b751cbc583b22ed2') in 0.018680 seconds
Number of updated asset objects reloaded before import = 0
Number of asset objects unloaded after import = 3
========================================================================
Received Import Request.
  Time since last request: 14.995918 seconds.
  path: Assets/Scenes/Chapter 3 Scenes/In Use/Ch3Dia1.unity
  artifactKey: Guid(0bbc5dadb292ecd4e9ef7bf8822ea0cc) Importer(815301076,1909f56bfc062723c751e8b465ee728b)
Start importing Assets/Scenes/Chapter 3 Scenes/In Use/Ch3Dia1.unity using Guid(0bbc5dadb292ecd4e9ef7bf8822ea0cc) Importer(815301076,1909f56bfc062723c751e8b465ee728b) [PhysX] Initialized MultithreadedTaskDispatcher with 16 workers.
 -> (artifact id: 'b46203722faecc8e0ac566a6beb0379f') in 0.000412 seconds
Number of updated asset objects reloaded before import = 0
Number of asset objects unloaded after import = 0
========================================================================
Received Import Request.
  Time since last request: 122.744736 seconds.
  path: Assets/UI Elements/UI Backgrounds/FarmBW.png
  artifactKey: Guid(6c0f4dab54b47e1488fedf406215914b) Importer(815301076,1909f56bfc062723c751e8b465ee728b)
Start importing Assets/UI Elements/UI Backgrounds/FarmBW.png using Guid(6c0f4dab54b47e1488fedf406215914b) Importer(815301076,1909f56bfc062723c751e8b465ee728b) [PhysX] Initialized MultithreadedTaskDispatcher with 16 workers.
[PhysX] Initialized MultithreadedTaskDispatcher with 16 workers.
 -> (artifact id: '1fdad4ecad0c99baea911d773d5befef') in 0.032501 seconds
Number of updated asset objects reloaded before import = 0
Number of asset objects unloaded after import = 3
========================================================================
Received Import Request.
  Time since last request: 14.156402 seconds.
  path: Assets/Scenes/Chapter 3 Scenes/In Use/Ch3Dia2.unity
  artifactKey: Guid(2081f5230c8ab434b9bf021a71cf2966) Importer(815301076,1909f56bfc062723c751e8b465ee728b)
Start importing Assets/Scenes/Chapter 3 Scenes/In Use/Ch3Dia2.unity using Guid(2081f5230c8ab434b9bf021a71cf2966) Importer(815301076,1909f56bfc062723c751e8b465ee728b) [PhysX] Initialized MultithreadedTaskDispatcher with 16 workers.
 -> (artifact id: 'eb9832d064b57f4f1059b735130a56da') in 0.000514 seconds
Number of updated asset objects reloaded before import = 0
Number of asset objects unloaded after import = 0
========================================================================
Received Import Request.
  Time since last request: 51.785891 seconds.
  path: Assets/UI Elements/UI Backgrounds/FieldBW.png
  artifactKey: Guid(7872deaadaae00442ab47378d8ff0c2e) Importer(815301076,1909f56bfc062723c751e8b465ee728b)
Start importing Assets/UI Elements/UI Backgrounds/FieldBW.png using Guid(7872deaadaae00442ab47378d8ff0c2e) Importer(815301076,1909f56bfc062723c751e8b465ee728b) [PhysX] Initialized MultithreadedTaskDispatcher with 16 workers.
[PhysX] Initialized MultithreadedTaskDispatcher with 16 workers.
 -> (artifact id: 'b23e88699f9315188bfb47a30697f202') in 0.033662 seconds
Number of updated asset objects reloaded before import = 0
Number of asset objects unloaded after import = 3
========================================================================
Received Import Request.
  Time since last request: 195.688818 seconds.
  path: Assets/UI Elements/UI Backgrounds/VillageBW.png
  artifactKey: Guid(deb6842046a4b5f4b9fc3385b5fbc5af) Importer(815301076,1909f56bfc062723c751e8b465ee728b)
Start importing Assets/UI Elements/UI Backgrounds/VillageBW.png using Guid(deb6842046a4b5f4b9fc3385b5fbc5af) Importer(815301076,1909f56bfc062723c751e8b465ee728b) [PhysX] Initialized MultithreadedTaskDispatcher with 16 workers.
[PhysX] Initialized MultithreadedTaskDispatcher with 16 workers.
 -> (artifact id: 'b317b6a84a0f021751d7ca2461e3748c') in 0.031538 seconds
Number of updated asset objects reloaded before import = 0
Number of asset objects unloaded after import = 3
========================================================================
Received Import Request.
  Time since last request: 31.753958 seconds.
  path: Assets/Scenes/Introduction.unity
  artifactKey: Guid(54c6df8856b381a46a4d4665a27121fa) Importer(815301076,1909f56bfc062723c751e8b465ee728b)
Start importing Assets/Scenes/Introduction.unity using Guid(54c6df8856b381a46a4d4665a27121fa) Importer(815301076,1909f56bfc062723c751e8b465ee728b) [PhysX] Initialized MultithreadedTaskDispatcher with 16 workers.
 -> (artifact id: 'ff246eae0b82c19ea24154a1d14d9745') in 0.000481 seconds
Number of updated asset objects reloaded before import = 0
Number of asset objects unloaded after import = 0
========================================================================
Received Import Request.
  Time since last request: 1915.426065 seconds.
  path: Assets/Audio/Placeholder
  artifactKey: Guid(76f19a9b942aa0d41aaa9925fefd4de3) Importer(815301076,1909f56bfc062723c751e8b465ee728b)
Start importing Assets/Audio/Placeholder using Guid(76f19a9b942aa0d41aaa9925fefd4de3) Importer(815301076,1909f56bfc062723c751e8b465ee728b) [PhysX] Initialized MultithreadedTaskDispatcher with 16 workers.
 -> (artifact id: 'a6b7425a501211b92b06d985453ff3be') in 0.000620 seconds
Number of updated asset objects reloaded before import = 0
Number of asset objects unloaded after import = 0
========================================================================
Received Import Request.
  Time since last request: 24.909219 seconds.
  path: Assets/Audio/BGM1-2.mp3
  artifactKey: Guid(56b7f5d422d6171428c847ba0bf0a1fa) Importer(815301076,1909f56bfc062723c751e8b465ee728b)
Start importing Assets/Audio/BGM1-2.mp3 using Guid(56b7f5d422d6171428c847ba0bf0a1fa) Importer(815301076,1909f56bfc062723c751e8b465ee728b) [PhysX] Initialized MultithreadedTaskDispatcher with 16 workers.
[PhysX] Initialized MultithreadedTaskDispatcher with 16 workers.
 -> (artifact id: '46711b6e77b73b45f3c78f5138a2cfb6') in 0.057114 seconds
Number of updated asset objects reloaded before import = 0
Number of asset objects unloaded after import = 2
========================================================================
Received Import Request.
  Time since last request: 0.000034 seconds.
  path: Assets/Audio/PuzzleFailCh1-2.mp3
  artifactKey: Guid(e27d8a6a3d932c54081bf935d62a85df) Importer(815301076,1909f56bfc062723c751e8b465ee728b)
Start importing Assets/Audio/PuzzleFailCh1-2.mp3 using Guid(e27d8a6a3d932c54081bf935d62a85df) Importer(815301076,1909f56bfc062723c751e8b465ee728b) [PhysX] Initialized MultithreadedTaskDispatcher with 16 workers.
[PhysX] Initialized MultithreadedTaskDispatcher with 16 workers.
 -> (artifact id: '4fb42f604654d3316753789742fdd180') in 0.014956 seconds
Number of updated asset objects reloaded before import = 0
Number of asset objects unloaded after import = 2
========================================================================
Received Import Request.
  Time since last request: 0.000021 seconds.
  path: Assets/Audio/ToggleCh2-2.mp3
  artifactKey: Guid(fbfbd33fd69484742a6f69f80e2a6ac4) Importer(815301076,1909f56bfc062723c751e8b465ee728b)
Start importing Assets/Audio/ToggleCh2-2.mp3 using Guid(fbfbd33fd69484742a6f69f80e2a6ac4) Importer(815301076,1909f56bfc062723c751e8b465ee728b) [PhysX] Initialized MultithreadedTaskDispatcher with 16 workers.
[PhysX] Initialized MultithreadedTaskDispatcher with 16 workers.
 -> (artifact id: '06fb95b12c0025fac3863208c0229ff0') in 0.017004 seconds
Number of updated asset objects reloaded before import = 0
Number of asset objects unloaded after import = 2
========================================================================
Received Import Request.
  Time since last request: 0.000020 seconds.
  path: Assets/Audio/MoveSuccessCh23-2.mp3
  artifactKey: Guid(147a0f88cf37de846abc3d6354d43ae4) Importer(815301076,1909f56bfc062723c751e8b465ee728b)
Start importing Assets/Audio/MoveSuccessCh23-2.mp3 using Guid(147a0f88cf37de846abc3d6354d43ae4) Importer(815301076,1909f56bfc062723c751e8b465ee728b) [PhysX] Initialized MultithreadedTaskDispatcher with 16 workers.
[PhysX] Initialized MultithreadedTaskDispatcher with 16 workers.
 -> (artifact id: 'b08855adcf30ca9ce51ff2afb69aeb97') in 0.013284 seconds
Number of updated asset objects reloaded before import = 0
Number of asset objects unloaded after import = 2
========================================================================
Received Import Request.
  Time since last request: 0.000018 seconds.
  path: Assets/Audio/BGM3-2.mp3
  artifactKey: Guid(e2dde79504e492b4fa995b1663874988) Importer(815301076,1909f56bfc062723c751e8b465ee728b)
Start importing Assets/Audio/BGM3-2.mp3 using Guid(e2dde79504e492b4fa995b1663874988) Importer(815301076,1909f56bfc062723c751e8b465ee728b) [PhysX] Initialized MultithreadedTaskDispatcher with 16 workers.
[PhysX] Initialized MultithreadedTaskDispatcher with 16 workers.
 -> (artifact id: 'f6936f06a93bfd2c5587f91096cbc5a7') in 0.012003 seconds
Number of updated asset objects reloaded before import = 0
Number of asset objects unloaded after import = 2
========================================================================
Received Import Request.
  Time since last request: 0.000092 seconds.
  path: Assets/Audio/UIButton-2.mp3
  artifactKey: Guid(2d5993fc2831a544188fcccd41035dfc) Importer(815301076,1909f56bfc062723c751e8b465ee728b)
Start importing Assets/Audio/UIButton-2.mp3 using Guid(2d5993fc2831a544188fcccd41035dfc) Importer(815301076,1909f56bfc062723c751e8b465ee728b) [PhysX] Initialized MultithreadedTaskDispatcher with 16 workers.
[PhysX] Initialized MultithreadedTaskDispatcher with 16 workers.
 -> (artifact id: '308f5c96e24a4f34c3704547ff6e1401') in 0.013202 seconds
Number of updated asset objects reloaded before import = 0
Number of asset objects unloaded after import = 2
Editor requested this worker to shutdown with reason: Scaling down because of idle timeout
TcpMessagingSession - receive error: operation aborted. errorcode: 995, details: The I/O operation has been aborted because of either a thread exit or an application request.
AssetImportWorker is now disconnected from the server
Process exiting
Exiting without the bug reporter. Application will terminate with return code 0